[debug] [2026-09-13T23:49:02.191Z] ----------------------------------------------------------------------
[debug] [2026-09-13T23:49:02.200Z] Command:       C:\Program Files\nodejs\node.exe C:\Users\Welcome Sir\AppData\Local\npm-cache\_npx\ba4f1959e38407b5\node_modules\firebase-tools\lib\bin\firebase.js deploy --only functions:aiReceiptPrototypeFn --non-interactive --debug
[debug] [2026-09-13T23:49:02.202Z] CLI Version:   15.30.0
[debug] [2026-09-13T23:49:02.203Z] Platform:      win32
[debug] [2026-09-13T23:49:02.203Z] Node Version:  v22.18.0
[debug] [2026-09-13T23:49:02.205Z] Detected Agent: unknown
[debug] [2026-09-13T23:49:02.207Z] Time:          Mon Sep 14 2026 00:49:02 GMT+0100 (West Africa Standard Time)
[debug] [2026-09-13T23:49:02.209Z] ----------------------------------------------------------------------
[debug] 
[debug] [2026-09-13T23:49:06.959Z] > command requires scopes: ["email","openid","https://www.googleapis.com/auth/cloudplatformprojects.readonly","https://www.googleapis.com/auth/firebase","https://www.googleapis.com/auth/cloud-platform"]
[debug] [2026-09-13T23:49:06.961Z] > authorizing via signed-in user (tikustarflow@gmail.com)
[debug] [2026-09-13T23:49:06.962Z] [iam] checking project poshmedia-thehk for permissions ["cloudfunctions.functions.create","cloudfunctions.functions.delete","cloudfunctions.functions.get","cloudfunctions.functions.list","cloudfunctions.functions.update","cloudfunctions.operations.get","firebase.projects.get"]
[debug] [2026-09-13T23:49:07.003Z] Checked if tokens are valid: true, expires at: 1789345645623
[debug] [2026-09-13T23:49:07.004Z] Checked if tokens are valid: true, expires at: 1789345645623
[debug] [2026-09-13T23:49:07.007Z] >>> [apiv2][query] POST https://cloudresourcemanager.googleapis.com/v1/projects/poshmedia-thehk:testIamPermissions [none]
[debug] [2026-09-13T23:49:07.008Z] >>> [apiv2][(partial)header] POST https://cloudresourcemanager.googleapis.com/v1/projects/poshmedia-thehk:testIamPermissions  x-goog-user-project=poshmedia-thehk
[debug] [2026-09-13T23:49:07.008Z] >>> [apiv2][body] POST https://cloudresourcemanager.googleapis.com/v1/projects/poshmedia-thehk:testIamPermissions {"permissions":["cloudfunctions.functions.create","cloudfunctions.functions.delete","cloudfunctions.functions.get","cloudfunctions.functions.list","cloudfunctions.functions.update","cloudfunctions.operations.get","firebase.projects.get"]}
[debug] [2026-09-13T23:49:08.997Z] <<< [apiv2][status] POST https://cloudresourcemanager.googleapis.com/v1/projects/poshmedia-thehk:testIamPermissions 403
[debug] [2026-09-13T23:49:08.998Z] <<< [apiv2][body] POST https://cloudresourcemanager.googleapis.com/v1/projects/poshmedia-thehk:testIamPermissions {"error":{"code":403,"message":"Caller does not have required permission to use project poshmedia-thehk. Grant the caller the roles/serviceusage.serviceUsageConsumer role, or a custom role with the serviceusage.services.use permission, by visiting https://console.developers.google.com/iam-admin/iam?project=poshmedia-thehk and then retry. Propagation of the new permission may take a few minutes.","status":"PERMISSION_DENIED","details":[{"@type":"type.googleapis.com/google.rpc.ErrorInfo","reason":"USER_PROJECT_DENIED","domain":"googleapis.com","metadata":{"consoleUrl":"https://console.developers.google.com/iam-admin/iam?project=poshmedia-thehk","service":"cloudresourcemanager.googleapis.com","consumer":"projects/poshmedia-thehk","containerInfo":"poshmedia-thehk"}},{"@type":"type.googleapis.com/google.rpc.LocalizedMessage","locale":"en-US","message":"Caller does not have required permission to use project poshmedia-thehk. Grant the caller the roles/serviceusage.serviceUsageConsumer role, or a custom role with the serviceusage.services.use permission, by visiting https://console.developers.google.com/iam-admin/iam?project=poshmedia-thehk and then retry. Propagation of the new permission may take a few minutes."},{"@type":"type.googleapis.com/google.rpc.Help","links":[{"description":"Google developer console IAM admin","url":"https://console.developers.google.com/iam-admin/iam?project=poshmedia-thehk"}]}]}}
[debug] [2026-09-13T23:49:09.001Z] [iam] error while checking permissions, command may fail: Request to https://cloudresourcemanager.googleapis.com/v1/projects/poshmedia-thehk:testIamPermissions had HTTP Error: 403, Caller does not have required permission to use project poshmedia-thehk. Grant the caller the roles/serviceusage.serviceUsageConsumer role, or a custom role with the serviceusage.services.use permission, by visiting https://console.developers.google.com/iam-admin/iam?project=poshmedia-thehk and then retry. Propagation of the new permission may take a few minutes.
[debug] [2026-09-13T23:49:09.005Z] Checked if tokens are valid: true, expires at: 1789345645623
[debug] [2026-09-13T23:49:09.006Z] Checked if tokens are valid: true, expires at: 1789345645623
[debug] [2026-09-13T23:49:09.008Z] >>> [apiv2][query] POST https://iam.googleapis.com/v1/projects/poshmedia-thehk/serviceAccounts/poshmedia-thehk@appspot.gserviceaccount.com:testIamPermissions [none]
[debug] [2026-09-13T23:49:09.009Z] >>> [apiv2][body] POST https://iam.googleapis.com/v1/projects/poshmedia-thehk/serviceAccounts/poshmedia-thehk@appspot.gserviceaccount.com:testIamPermissions {"permissions":["iam.serviceAccounts.actAs"]}
[debug] [2026-09-13T23:49:10.167Z] <<< [apiv2][status] POST https://iam.googleapis.com/v1/projects/poshmedia-thehk/serviceAccounts/poshmedia-thehk@appspot.gserviceaccount.com:testIamPermissions 200
[debug] [2026-09-13T23:49:10.168Z] <<< [apiv2][body] POST https://iam.googleapis.com/v1/projects/poshmedia-thehk/serviceAccounts/poshmedia-thehk@appspot.gserviceaccount.com:testIamPermissions {}
[error] 
[error] Error: Missing permissions required for functions deploy. You must have permission iam.serviceAccounts.ActAs on service account poshmedia-thehk@appspot.gserviceaccount.com.

To address this error, ask a project Owner to assign your account the "Service Account User" role from this URL:

https://console.cloud.google.com/iam-admin/iam?project=poshmedia-thehk
[debug] [2026-09-13T23:55:47.830Z] ----------------------------------------------------------------------
[debug] [2026-09-13T23:55:47.839Z] Command:       C:\Program Files\nodejs\node.exe C:\Users\Welcome Sir\AppData\Local\npm-cache\_npx\ba4f1959e38407b5\node_modules\firebase-tools\lib\bin\firebase.js deploy --only functions:aiReceiptPrototypeFn --non-interactive
[debug] [2026-09-13T23:55:47.840Z] CLI Version:   15.30.0
[debug] [2026-09-13T23:55:47.841Z] Platform:      win32
[debug] [2026-09-13T23:55:47.841Z] Node Version:  v22.18.0
[debug] [2026-09-13T23:55:47.843Z] Detected Agent: unknown
[debug] [2026-09-13T23:55:47.844Z] Time:          Mon Sep 14 2026 00:55:47 GMT+0100 (West Africa Standard Time)
[debug] [2026-09-13T23:55:47.844Z] ----------------------------------------------------------------------
[debug] 
[debug] [2026-09-13T23:55:52.132Z] > command requires scopes: ["email","openid","https://www.googleapis.com/auth/cloudplatformprojects.readonly","https://www.googleapis.com/auth/firebase","https://www.googleapis.com/auth/cloud-platform"]
[debug] [2026-09-13T23:55:52.133Z] > authorizing via signed-in user (akinbaniayomidecollins@gmail.com)
[debug] [2026-09-13T23:55:52.133Z] [iam] checking project poshmedia-thehk for permissions ["cloudfunctions.functions.create","cloudfunctions.functions.delete","cloudfunctions.functions.get","cloudfunctions.functions.list","cloudfunctions.functions.update","cloudfunctions.operations.get","firebase.projects.get"]
[debug] [2026-09-13T23:55:52.162Z] Checked if tokens are valid: true, expires at: 1789347283862
[debug] [2026-09-13T23:55:52.163Z] Checked if tokens are valid: true, expires at: 1789347283862
[debug] [2026-09-13T23:55:52.166Z] >>> [apiv2][query] POST https://cloudresourcemanager.googleapis.com/v1/projects/poshmedia-thehk:testIamPermissions [none]
[debug] [2026-09-13T23:55:52.166Z] >>> [apiv2][(partial)header] POST https://cloudresourcemanager.googleapis.com/v1/projects/poshmedia-thehk:testIamPermissions  x-goog-user-project=poshmedia-thehk
[debug] [2026-09-13T23:55:52.167Z] >>> [apiv2][body] POST https://cloudresourcemanager.googleapis.com/v1/projects/poshmedia-thehk:testIamPermissions {"permissions":["cloudfunctions.functions.create","cloudfunctions.functions.delete","cloudfunctions.functions.get","cloudfunctions.functions.list","cloudfunctions.functions.update","cloudfunctions.operations.get","firebase.projects.get"]}
[debug] [2026-09-13T23:55:54.180Z] <<< [apiv2][status] POST https://cloudresourcemanager.googleapis.com/v1/projects/poshmedia-thehk:testIamPermissions 200
[debug] [2026-09-13T23:55:54.180Z] <<< [apiv2][body] POST https://cloudresourcemanager.googleapis.com/v1/projects/poshmedia-thehk:testIamPermissions {"permissions":["cloudfunctions.functions.create","cloudfunctions.functions.delete","cloudfunctions.functions.get","cloudfunctions.functions.list","cloudfunctions.functions.update","cloudfunctions.operations.get","firebase.projects.get"]}
[debug] [2026-09-13T23:55:54.182Z] Checked if tokens are valid: true, expires at: 1789347283862
[debug] [2026-09-13T23:55:54.182Z] Checked if tokens are valid: true, expires at: 1789347283862
[debug] [2026-09-13T23:55:54.183Z] >>> [apiv2][query] POST https://iam.googleapis.com/v1/projects/poshmedia-thehk/serviceAccounts/poshmedia-thehk@appspot.gserviceaccount.com:testIamPermissions [none]
[debug] [2026-09-13T23:55:54.183Z] >>> [apiv2][body] POST https://iam.googleapis.com/v1/projects/poshmedia-thehk/serviceAccounts/poshmedia-thehk@appspot.gserviceaccount.com:testIamPermissions {"permissions":["iam.serviceAccounts.actAs"]}
[debug] [2026-09-13T23:55:54.891Z] <<< [apiv2][status] POST https://iam.googleapis.com/v1/projects/poshmedia-thehk/serviceAccounts/poshmedia-thehk@appspot.gserviceaccount.com:testIamPermissions 200
[debug] [2026-09-13T23:55:54.891Z] <<< [apiv2][body] POST https://iam.googleapis.com/v1/projects/poshmedia-thehk/serviceAccounts/poshmedia-thehk@appspot.gserviceaccount.com:testIamPermissions {"permissions":["iam.serviceAccounts.actAs"]}
[info] 
[info] === Deploying to 'poshmedia-thehk'...
[info] 
[info] i  deploying functions 
[debug] [2026-09-13T23:55:54.903Z] Checked if tokens are valid: true, expires at: 1789347283862
[debug] [2026-09-13T23:55:54.903Z] Checked if tokens are valid: true, expires at: 1789347283862
[debug] [2026-09-13T23:55:54.903Z] >>> [apiv2][query] GET https://cloudresourcemanager.googleapis.com/v1/projects/poshmedia-thehk [none]
[debug] [2026-09-13T23:55:55.286Z] <<< [apiv2][status] GET https://cloudresourcemanager.googleapis.com/v1/projects/poshmedia-thehk 200
[debug] [2026-09-13T23:55:55.286Z] <<< [apiv2][body] GET https://cloudresourcemanager.googleapis.com/v1/projects/poshmedia-thehk {"projectNumber":"776152092965","projectId":"poshmedia-thehk","lifecycleState":"ACTIVE","name":"THE HK","labels":{"firebase":"enabled"},"createTime":"2025-10-01T16:08:33.366771Z"}
[info] i  functions: preparing codebase default for deployment 
[info] i  functions: ensuring required API cloudfunctions.googleapis.com is enabled... 
[info] i  functions: ensuring required API cloudbuild.googleapis.com is enabled... 
[info] i  artifactregistry: ensuring required API artifactregistry.googleapis.com is enabled... 
[debug] [2026-09-13T23:55:55.301Z] Checked if tokens are valid: true, expires at: 1789347283862
[debug] [2026-09-13T23:55:55.301Z] Checked if tokens are valid: true, expires at: 1789347283862
[debug] [2026-09-13T23:55:55.302Z] >>> [apiv2][query] GET https://firebase.googleapis.com/v1beta1/projects/poshmedia-thehk/adminSdkConfig [none]
[debug] [2026-09-13T23:55:56.446Z] <<< [apiv2][status] GET https://firebase.googleapis.com/v1beta1/projects/poshmedia-thehk/adminSdkConfig 200
[debug] [2026-09-13T23:55:56.446Z] <<< [apiv2][body] GET https://firebase.googleapis.com/v1beta1/projects/poshmedia-thehk/adminSdkConfig {"projectId":"poshmedia-thehk","storageBucket":"poshmedia-thehk.firebasestorage.app"}
[debug] [2026-09-13T23:55:56.447Z] Checked if tokens are valid: true, expires at: 1789347283862
[debug] [2026-09-13T23:55:56.448Z] Checked if tokens are valid: true, expires at: 1789347283862
[debug] [2026-09-13T23:55:56.448Z] >>> [apiv2][query] GET https://runtimeconfig.googleapis.com/v1beta1/projects/poshmedia-thehk/configs [none]
[debug] [2026-09-13T23:55:57.276Z] <<< [apiv2][status] GET https://runtimeconfig.googleapis.com/v1beta1/projects/poshmedia-thehk/configs 200
[debug] [2026-09-13T23:55:57.276Z] <<< [apiv2][body] GET https://runtimeconfig.googleapis.com/v1beta1/projects/poshmedia-thehk/configs {}
[debug] [2026-09-13T23:55:57.300Z] Validating nodejs source
[warn] !  functions: Runtime Node.js 20 was deprecated on 2026-04-30 and will be decommissioned on 2026-10-30, after which you will not be able to deploy without upgrading. Consider upgrading now to avoid disruption. See https://cloud.google.com/functions/docs/runtime-support for full details on the lifecycle policy 
[warn] !  functions: package.json indicates an outdated version of firebase-functions. Please upgrade using npm install --save firebase-functions@latest in your functions directory. 
[warn] !  functions: Please note that there will be breaking changes when you upgrade. 
[debug] [2026-09-13T23:56:01.238Z] > [functions] package.json contents: {
  "name": "the-hk-functions",
  "version": "1.0.0",
  "description": "Firebase Cloud Functions for THE-HK backend operations",
  "main": "lib/index.js",
  "scripts": {
    "build": "tsc",
    "serve": "npm run build && firebase emulators:start --only functions",
    "shell": "npm run build && firebase functions:shell",
    "start": "npm run shell",
    "deploy": "firebase deploy --only functions",
    "logs": "firebase functions:log"
  },
  "engines": {
    "node": "20"
  },
  "dependencies": {
    "@google/genai": "^2.22.0",
    "firebase-admin": "^12.0.0",
    "firebase-functions": "^5.0.0"
  },
  "devDependencies": {
    "typescript": "^5.4.0"
  },
  "private": true
}
[debug] [2026-09-13T23:56:01.240Z] Building nodejs source
[debug] [2026-09-13T23:56:01.247Z] Failed to validate key GOOGLE_CLOUD_PROJECT: Error: Key GOOGLE_CLOUD_PROJECT is reserved for internal use.
[error] Error: Failed to load environment variables from .env.:
[error] - Error Key GOOGLE_CLOUD_PROJECT is reserved for internal use.
